Matplotlib is building the font cache; this may take a moment.
[1/127] BIRDS/DENABICR_20130809_020959 Great Grey Owl call with whooping end variation TRIM, NOISE REDUCTION, AMPLIFY.mp3
[2/127] BIRDS/DENAFANG_20110708_023655_White-tailed Ptarmigan BESSEL BANDPASS 70 Hz 7000 Hz TRIM.mp3
[3/127] BIRDS/DENAHAUK_20140606_035354 Northern Waterthrush song with other chorus members TRIM.mp3
[4/127] BIRDS/DENAHAUK_20140607_214150 Varied Thrush song long sequence TRIM BANDPASS 700 - 8000 Hz AMPLIFY +20 dBu TRIM.mp3
[5/127] BIRDS/DENAHIG1_20120802_035742 Willow Ptarmigan clear TRIMMED.mp3
[6/127] BIRDS/DENAHOG3_20120601_034833 clear Fox Sparrow song possible calls, chorus background.wav
[7/127] BIRDS/DENAHOG3_20120605_074102 American Tree Sparrow song, chorus background.mp3
[8/127] BIRDS/DENAHOTS_20140602_085834 excellent slow Northern Raven 'croak' calls, popping call, and water-droplet with reverberation TRIM BANDPASS 300 - 8000 Hz AMPLIFY _15 dBu.wav
[9/127] BIRDS/DENAKICH_20120524_081441 Wandering Tattler with background chorus of GCSP, FOSP TRIM.mp3
[10/127] BIRDS/DENAMURI_20150516_050450 Common Loon with robust chorus TRIM.mp3
[11/127] BIRDS/DENAMURI_20150519_094517 clear Blackpoll Warbler with dense chorus below TRIM.wav
[12/127] BIRDS/DENAMURI_20150523_045418 chorus with Swainson's Thrush, Common Loon TRIM.mp3
[13/127] BIRDS/DENAMURI_20150526_060431 very reverberant Sandhill Crane with chorus, TRIM.mp3
[14/127] BIRDS/DENAPOL2_20120619_092801 excellent clear Fox Sparrow song TRIM.mp3
[15/127] BIRDS/DENASAN3_20120603_020932 White-crowned Sparrow song with chorus background.wav
[16/127] BIRDS/DENASUSH_20260610_092353 excellent Northern Raven flight calls with reverberance, preceded by wingbeats (small TRIM).mp3
[17/127] BIRDS/DENATOKO_20160512_052310 White-crowned Sparrow song with chorus background.wav
[18/127] BIRDS/DENATOKO_20160616_053228 Orange-crowned Warbler song background chorus, Tokositna River.wav
[19/127] BIRDS/DENATRLA_20240624_045058 clear American Three-toed Woodpecker drumming with lively chorus SWTH DEJU TRIM.mp3
[20/127] BIRDS/DENAWOCR_20150624_202549 Fox Sparrow song with thunder and Swainson's Thrush TRIM.wav
[21/127] BIRDS/GAARFLOR_20180615_045829 very clear American Robin song.wav
[22/127] BIRDS/GAARFLOR_20180617_125710 chorus with White-crowned Sparrow, Swainson's Thrush, American Red Squirrel.MP3
[23/127] BIRDS/GAARFLOR_20180618_053001 Common Loon with rich avian chorus.wav
[24/127] BIRDS/GAARMWAL_20140617_064326 Mew Gull with chorus background TRIM.mp3
[25/127] BIRDS/GAARNNUT_20140704_072937 clear, punctuated Common Loon, background chorus.MP3
[26/127] BIRDS/GAARUPNO_20180606_150920 avian chorus with Savanah Sparrow and occasional insect wingbeats.wav
[27/127] BIRDS/GAARUPNO_20180607_025501 Savanah Sparrow song with chorus background.wav
[28/127] BIRDS/GLBABARTC_20200707_111214._Sooty_Grous_near_mic_AMPLIFY_FADEewav.wav
[29/127] BIRDS/GLBARENDU_20220616_230000 very clear Varied Thrush song background Humpback Whale activity (TRIM).mp3
[30/127] BIRDS/KATMCROS_20170731_051841 Gray-cheeked Thrush song with diverse, distant riparian background chorus.wav
[31/127] BIRDS/KATMJOJO_20160710_221044 excellent Common Loon call chorus.MP3
[32/127] BIRDS/KATMKABA_20160823_205149 excellent very clear Northern Raven calls, background American Tree Sparrow calls.wav
[33/127] BIRDS/LACLHANM_20190829_062559 very clear Common Loon calls with extensive echo and some distortion (TRIM).mp3
[34/127] GENERAL/DENAHIG1_20120728_122042 insect and running animal.wav
[35/127] GENERAL/DENAMOOS_20180814_105458 if a tree falls.wav
[36/127] GENERAL/DENAPHEN_20160326_044922 Denali Kennels dogs howling TRIM.mp3
[37/127] GENERAL/DENAPHEN_20160326_044922 Denali Kennels dogs howling.wav
[38/127] GENERAL/DENATHRI_20150630_125351 rain faint chorus.wav
[39/127] GENERAL/DENATOKO_20160511_070134 long cut of avian chorus with showers.wav
[40/127] GENERAL/DENATOKO_20160513_130223 animal movement bird chorus and river.wav
[41/127] GENERAL/GLBABARTC_20210726_194850_curious_natural_sound like child humming TRIM FADE COMPRESS AMPLIFY.wav
[42/127] GENERAL/LACLKIJK_20180619_193149 ambience with raindrops and punctuated bird song.wav
[43/127] GENERAL/LACLKIJK_20180619_194318 ambience with raindrops and avian chorus.wav
[44/127] GEOPHONY/DENABACK_20140609_004008 pronounced rock slide with several phases AMPLIFY +15 dBFS (slight TRIM).mp3
[45/127] GEOPHONY/DENABACK_20140724_210128 rock slide with large pieces at end.mp3
[46/127] GEOPHONY/DENABICR_20130707_143335-Thunder And Rain TRIM.mp3
[47/127] GEOPHONY/DENABMUL_20210330_001843 Muldrow surge long cut.wav
[48/127] GEOPHONY/DENABMUL_20210401_051821 Muldrow surge long cut.wav
[49/127] GEOPHONY/DENABMUL_20210401_051821 Muldrow surge shorter clip.mp3
[50/127] GEOPHONY/DENABMUL_20210401_091907 Muldrow surge long cut, extensive low-frequency rumbling features.wav
[51/127] GEOPHONY/DENACATH_20120808_064000 good quality rock slide, slow speed, blocky extrusive igneous chunks TRIM.mp3
[52/127] GEOPHONY/DENAKICH_20120522_100025_Avalanche with bird song.wav
[53/127] GEOPHONY/DENAKICH_20120522_161217 Avalanche loud and sudden AMPLIFY -3 dBFS FADE OUT.wav
[54/127] GEOPHONY/DENARUTH_20190526_040919 small avalanche with distinct slab-breaking event AMPLIFY +15dB.mp3
[55/127] GEOPHONY/DENARUTH_20190529_214609 prominent snow avalanche.mp3
[56/127] GEOPHONY/DENASKGL_20210602_041003 rock slide.wav
[57/127] GEOPHONY/DENASUSH_20260612_111248 clear, crisp thunder TRIM.mp3
[58/127] GEOPHONY/DENATRLA_20240802_081511 a moderate-sized rock slide for this site location, probably from Nenana Ridge to the northeast, ~500 meters.wav
[59/127] GEOPHONY/DENATRLA_20240802_152712 rock slide, probably from Nenana Ridge to northeast about 500 meters.wav
[60/127] GEOPHONY/DENAUDAL_20100702_132530 ice bubbles and creaking.wav
[61/127] GEOPHONY/DENAUDAL_20100702_132533 ice bubbles and creaking BESSEL FILTER 1000 - 10000 Hz AMPLIFY +20 dBFS.mp3
[62/127] GEOPHONY/DENAUPEL_20130511_232743-RockSlide.wav
[63/127] GEOPHONY/DENAUTOK_20190810_082714 rock slide with deep thump.mp3
[64/127] GEOPHONY/DENAUTOK_20190810_082714 rock slide with deep thump.wav
[65/127] GEOPHONY/DENAUYEN_20120520_124131 short midground rock slide.wav
[66/127] GEOPHONY/DENAUYEN_20120520_180417 avalanche with two major bursts, then a long wash-out.wav
[67/127] GEOPHONY/DENAUYEN_20120521_144128 clear, deep rock motion on the glacier.mp3
[68/127] GEOPHONY/DENAUYEN_20120523_075701 quality rock slide audio.mp3
[69/127] GEOPHONY/DENAUYEN_20120524_215113 excellent, steady rock slide audio.mp3
[70/127] GEOPHONY/GAARARRI_20180624_075645 small rockfall, background avian chorus.wav
[71/127] GEOPHONY/GAARARRI_20180625_071639 rockslide, background Golden-crowned Sparrow song TRIM.mp3
[72/127] GEOPHONY/GAARARRI_20180628_145728 Thunder and beginning of rain shower.mp3
[73/127] GEOPHONY/GAARITKI_20190621_150734 thunder AMPLIFY +10dB.mp3
[74/127] GEOPHONY/GAARNWAL_20140708_140748 thunder no clipping.mp3
[75/127] INSECTS/DENACABN_20130714_112628-UnknownOrthopteran.wav
[76/127] INSECTS/DENAMCRI_20120725_151912_Mosquito (clear).wav
[77/127] INSECTS/DENAMCRI_20120810_191000 mosquitos close.wav
[78/127] INSECTS/DENAMOOS_20180719_075149 insect wingbeats with two acoustically distinct behaviors.wav
[79/127] INSECTS/DENATOKO_20160506_015745 deep insect wingbeats.wav
[80/127] INSECTS/DENATOKO_20160507_232954 insect wingbeats with Varied Thrush song.wav
[81/127] INSECTS/DENATOKO_20190701_100630 long insect wingbeat tone.wav
[82/127] INSECTS/DENATRLA_20240629_213201 very clear insect wings close to the windscreen.wav
[83/127] INSECTS/GAARARRI_20180625_195435 bumble bee and avian chorus.wav
[84/127] INSECTS/GAARARRI_20180723_155006 Grasshoppers stridulating.wav
[85/127] INSECTS/GAARFLOR_20180612_210329 clear insect buzzing.wav
[86/127] INSECTS/GAARFLOR_20180704_185606 moth wingbeats.wav
[87/127] INSECTS/GAARNNUT_20140705_214919 very clear insect wingbeats.wav
[88/127] INSECTS/GAARNNUT_20140706_112454 long, horrible insect recording.wav
[89/127] INSECTS/GAARPALA_20190615_075733 interesting repeated insect wingbeats with nearly identical harmonic structure each time, avian background.wav
[90/127] INSECTS/GAARUPNO_20180726_222040 fly sporadically buzzes.wav
[91/127] INSECTS/KATMDORI_20160811_093232 a long insect event with rich harmonics.wav
[92/127] INSECTS/KATMJOJO_20160628_090025 insect wingbeats slowly increase in pitch.wav
[93/127] INSECTS/KATMKABA_20160730_044150 large insect repeatedly lands on windscreen, background gulls surf.wav
[94/127] INSECTS/KATMTACT_20170714_114719 good quality buzzy insect wingbeats.wav
[95/127] MAMMALS/DENACATH_20170727_181009 Arctic Ground Squirrel call with reverberation.wav
[96/127] MAMMALS/DENAFANG_20110706_064839_Dall Sheep bleating TRIM.mp3
[97/127] MAMMALS/DENAFANG_20130730_090604_Caribou_Walking-Snorting-Grazing.mp3
[98/127] MAMMALS/DENAHAUK_20140617_084002 iron creek west wolves (male 1405) howling interspersed with dawn chorus TRIM.mp3
[99/127] MAMMALS/DENAHAUK_20140617_084002 iron creek west wolves (male 1405) howling interspersed with dawn chorus.wav
[100/127] MAMMALS/DENAHOTS_20140601_212218 American Red Squirrel very clear and possible to hear palate or nasal-related sounds TRIM.mp3
[101/127] MAMMALS/DENARUGL_20060619_043533 Bear attacks audio equipment.mp3
[102/127] MAMMALS/DENATRLA_20170712_233940 very clear reverberant Coyote howls TRIM.mp3
[103/127] MAMMALS/DENATRLA_20180809_213355 coyote howls AMPLIFY +15dB.mp3
[104/127] MAMMALS/DENATRLA_20240618_160107 clear, relatively undistorted American Red Squirrel calls TRIM.mp3
[105/127] MAMMALS/DENATRLA_20240719_213623 very clear, spastic and varied American Red Squirrel alarm calls TRIM.mp3
[106/127] MAMMALS/DENAVABM_20090729_035000_Bear huffing.wav
[107/127] MAMMALS/GLBABARTC_20210628_065656 Humpback Whale vocalizations and slapping with Sooty Grouse and avian chorus TRIM COMPRESS AMPLIFY FADE.wav
[108/127] MAMMALS/GLBABARTC_20210628_065656 Humpback Whale vocalizations and slapping with Sooty Grouse and avian chorus TRIMMED MORE, COMPRESS AMPLIFY FADE.mp3
[109/127] MAMMALS/GLBAMCLEOD_20220611_034405 a long sequence of Humpback Whale breathing TRIM.mp3
[110/127] MAMMALS/GLBARENDU_20220610_213326 Humpback Whale with birdsong in background TRIM.mp3
[111/127] MAMMALS/GLBARENDU_20220612_162613 low-pitched Humpback Whale calls.wav
[112/127] MAMMALS/GLBARENDU_20220613_214042 Humpback Whale slapping sounds TRIM.mp3
[113/127] MAMMALS/GLBARENDU_20220613_234543 varied alarm calls including Hoary Marmot.wav
[114/127] MAMMALS/KATM005_20100915_070024 excellent gutteral bear sounds TRIM.wav
[115/127] MAMMALS/LACLCHBA_20180703_060620 clear coyotes.wav
[116/127] MAMMALS/WRSTBLMT_20150402_093032 clear wolves howling with Ptarmigan pt. 2.mp3
[117/127] MAMMALS/WRSTBLMT_20150402_093032 clear wolves howling, slowly builds, Ptarmigan joins too!.mp3
[118/127] MAMMALS/WRSTBLMT_20150409_103518 Wolves howling - three distinct voices from an individual followed by group chorus.wav
[119/127] MAMMALS/WRSTBLMT_20150429_225402 clear Wolves howling.wav
[120/127] MAMMALS/WRSTBLMT_20170128_072543 excellent wolf pack howling - beautiful spectrogram - BANDPASS 100 - 4000 Hz AMPLIFY +8 dBFS.wav
[121/127] MAMMALS/WRSTBLMT_20170204_124537 clear solitary wolf howling occasional background group BANDPASS 200 - 2500 Hz AMPLIFY +15 dBFS.wav
[122/127] MAMMALS/WRSTBLMT_20170204_124537 clear solitary wolf howling occasional background group.wav
[123/127] MAMMALS/WRSTBLMT_20170211_002212 solitary wolf howl leads into group howling.wav
[124/127] MAMMALS/WRSTBLMT_20170322_201312 clear solitary wolf howling, vocal cracking.wav
[125/127] MAMMALS/WRSTCOPA_20160313_014852 solitary wolf howl very clear.wav
[126/127] MAMMALS/WRSTTALA_20160229_204005 clear group wolf howls TRIM.mp3
[127/127] MAMMALS/WRSTTALA_20160401_010659 relatively clear pair of wolves howling with reverberation TRIM AMPLIFY +10dB.mp3

=== Shortlist spectrogram generation summary ===

Total source files: 127
Succeeded:          77
Skipped:            50
Failed:             0
PNG files written:  101
PNG disk size:      30.2 MB
Elapsed:            9.5 min (570.9 s)

JSON report: /Users/eruebush/dev/nps_acoustic_highlights/data/spectrogram_generation_report.json
